// Jest Snapshot v1, https://goo.gl/fbAQLP

exports[`OrderSearch Component Snapshot Tests matches snapshot 1`] = `
<View
  style={
    {
      "backgroundColor": "#f5f5f5",
      "flex": 1,
      "padding": 15,
    }
  }
>
  <Text
    style={
      {
        "color": "#0074DF",
        "fontSize": 24,
        "fontWeight": "bold",
        "marginBottom": 15,
        "textAlign": "center",
      }
    }
  >
    Instacar Shopper - Búsqueda de Órdenes
  </Text>
  <View
    style={
      {
        "backgroundColor": "#f0f0f0",
        "borderRadius": 8,
        "marginBottom": 10,
        "padding": 8,
      }
    }
  >
    <Text
      style={
        {
          "color": "#666",
          "fontSize": 12,
          "textAlign": "center",
        }
      }
    >
      Búsqueda: 
      0.00
      ms | Promedio: 
      0.00
      ms
    </Text>
  </View>
  <TextInput
    onChangeText={[Function]}
    placeholder="Buscar por ID o tienda... (búsqueda inteligente)"
    placeholderTextColor="#999"
    style={
      {
        "backgroundColor": "#fff",
        "borderColor": "#ddd",
        "borderRadius": 10,
        "borderWidth": 1,
        "fontSize": 16,
        "marginBottom": 15,
        "padding": 12,
      }
    }
    value=""
  />
  <View
    style={
      {
        "marginBottom": 15,
      }
    }
  >
    <Text
      style={
        {
          "color": "#333",
          "fontSize": 14,
          "fontWeight": "600",
          "marginBottom": 8,
        }
      }
    >
      Estado:
    </Text>
    <View
      style={
        {
          "flexDirection": "row",
          "gap": 8,
        }
      }
    >
      <View
        accessibilityState={
          {
            "busy": undefined,
            "checked": undefined,
            "disabled": undefined,
            "expanded": undefined,
            "selected": undefined,
          }
        }
        accessibilityValue={
          {
            "max": undefined,
            "min": undefined,
            "now": undefined,
            "text": undefined,
          }
        }
        accessible={true}
        collapsable={false}
        focusable={true}
        onClick={[Function]}
        onResponderGrant={[Function]}
        onResponderMove={[Function]}
        onResponderRelease={[Function]}
        onResponderTerminate={[Function]}
        onResponderTerminationRequest={[Function]}
        onStartShouldSetResponder={[Function]}
        style={
          {
            "backgroundColor": "#0074DF",
            "borderColor": "#0074DF",
            "borderRadius": 20,
            "borderWidth": 1,
            "opacity": 1,
            "paddingHorizontal": 16,
            "paddingVertical": 8,
          }
        }
      >
        <Text
          style={
            [
              {
                "color": "#666",
                "fontSize": 14,
              },
              {
                "color": "#fff",
                "fontWeight": "600",
              },
            ]
          }
        >
          Todos
        </Text>
      </View>
      <View
        accessibilityState={
          {
            "busy": undefined,
            "checked": undefined,
            "disabled": undefined,
            "expanded": undefined,
            "selected": undefined,
          }
        }
        accessibilityValue={
          {
            "max": undefined,
            "min": undefined,
            "now": undefined,
            "text": undefined,
          }
        }
        accessible={true}
        collapsable={false}
        focusable={true}
        onClick={[Function]}
        onResponderGrant={[Function]}
        onResponderMove={[Function]}
        onResponderRelease={[Function]}
        onResponderTerminate={[Function]}
        onResponderTerminationRequest={[Function]}
        onStartShouldSetResponder={[Function]}
        style={
          {
            "backgroundColor": "#fff",
            "borderColor": "#ddd",
            "borderRadius": 20,
            "borderWidth": 1,
            "opacity": 1,
            "paddingHorizontal": 16,
            "paddingVertical": 8,
          }
        }
      >
        <Text
          style={
            [
              {
                "color": "#666",
                "fontSize": 14,
              },
              false,
            ]
          }
        >
          Pendiente
        </Text>
      </View>
      <View
        accessibilityState={
          {
            "busy": undefined,
            "checked": undefined,
            "disabled": undefined,
            "expanded": undefined,
            "selected": undefined,
          }
        }
        accessibilityValue={
          {
            "max": undefined,
            "min": undefined,
            "now": undefined,
            "text": undefined,
          }
        }
        accessible={true}
        collapsable={false}
        focusable={true}
        onClick={[Function]}
        onResponderGrant={[Function]}
        onResponderMove={[Function]}
        onResponderRelease={[Function]}
        onResponderTerminate={[Function]}
        onResponderTerminationRequest={[Function]}
        onStartShouldSetResponder={[Function]}
        style={
          {
            "backgroundColor": "#fff",
            "borderColor": "#ddd",
            "borderRadius": 20,
            "borderWidth": 1,
            "opacity": 1,
            "paddingHorizontal": 16,
            "paddingVertical": 8,
          }
        }
      >
        <Text
          style={
            [
              {
                "color": "#666",
                "fontSize": 14,
              },
              false,
            ]
          }
        >
          En Progreso
        </Text>
      </View>
    </View>
  </View>
  <View
    style={
      {
        "marginBottom": 15,
      }
    }
  >
    <Text
      style={
        {
          "color": "#333",
          "fontSize": 14,
          "fontWeight": "600",
          "marginBottom": 8,
        }
      }
    >
      Pago mínimo:
    </Text>
    <View
      style={
        {
          "flexDirection": "row",
          "gap": 8,
        }
      }
    >
      <View
        accessibilityState={
          {
            "busy": undefined,
            "checked": undefined,
            "disabled": undefined,
            "expanded": undefined,
            "selected": undefined,
          }
        }
        accessibilityValue={
          {
            "max": undefined,
            "min": undefined,
            "now": undefined,
            "text": undefined,
          }
        }
        accessible={true}
        collapsable={false}
        focusable={true}
        onClick={[Function]}
        onResponderGrant={[Function]}
        onResponderMove={[Function]}
        onResponderRelease={[Function]}
        onResponderTerminate={[Function]}
        onResponderTerminationRequest={[Function]}
        onStartShouldSetResponder={[Function]}
        style={
          {
            "backgroundColor": "#4CAF50",
            "borderColor": "#4CAF50",
            "borderRadius": 20,
            "borderWidth": 1,
            "opacity": 1,
            "paddingHorizontal": 12,
            "paddingVertical": 8,
          }
        }
      >
        <Text
          style={
            [
              {
                "color": "#666",
                "fontSize": 14,
              },
              {
                "color": "#fff",
                "fontWeight": "600",
              },
            ]
          }
        >
          $
          0
          +
        </Text>
      </View>
      <View
        accessibilityState={
          {
            "busy": undefined,
            "checked": undefined,
            "disabled": undefined,
            "expanded": undefined,
            "selected": undefined,
          }
        }
        accessibilityValue={
          {
            "max": undefined,
            "min": undefined,
            "now": undefined,
            "text": undefined,
          }
        }
        accessible={true}
        collapsable={false}
        focusable={true}
        onClick={[Function]}
        onResponderGrant={[Function]}
        onResponderMove={[Function]}
        onResponderRelease={[Function]}
        onResponderTerminate={[Function]}
        onResponderTerminationRequest={[Function]}
        onStartShouldSetResponder={[Function]}
        style={
          {
            "backgroundColor": "#fff",
            "borderColor": "#ddd",
            "borderRadius": 20,
            "borderWidth": 1,
            "opacity": 1,
            "paddingHorizontal": 12,
            "paddingVertical": 8,
          }
        }
      >
        <Text
          style={
            [
              {
                "color": "#666",
                "fontSize": 14,
              },
              false,
            ]
          }
        >
          $
          75
          +
        </Text>
      </View>
      <View
        accessibilityState={
          {
            "busy": undefined,
            "checked": undefined,
            "disabled": undefined,
            "expanded": undefined,
            "selected": undefined,
          }
        }
        accessibilityValue={
          {
            "max": undefined,
            "min": undefined,
            "now": undefined,
            "text": undefined,
          }
        }
        accessible={true}
        collapsable={false}
        focusable={true}
        onClick={[Function]}
        onResponderGrant={[Function]}
        onResponderMove={[Function]}
        onResponderRelease={[Function]}
        onResponderTerminate={[Function]}
        onResponderTerminationRequest={[Function]}
        onStartShouldSetResponder={[Function]}
        style={
          {
            "backgroundColor": "#fff",
            "borderColor": "#ddd",
            "borderRadius": 20,
            "borderWidth": 1,
            "opacity": 1,
            "paddingHorizontal": 12,
            "paddingVertical": 8,
          }
        }
      >
        <Text
          style={
            [
              {
                "color": "#666",
                "fontSize": 14,
              },
              false,
            ]
          }
        >
          $
          100
          +
        </Text>
      </View>
      <View
        accessibilityState={
          {
            "busy": undefined,
            "checked": undefined,
            "disabled": undefined,
            "expanded": undefined,
            "selected": undefined,
          }
        }
        accessibilityValue={
          {
            "max": undefined,
            "min": undefined,
            "now": undefined,
            "text": undefined,
          }
        }
        accessible={true}
        collapsable={false}
        focusable={true}
        onClick={[Function]}
        onResponderGrant={[Function]}
        onResponderMove={[Function]}
        onResponderRelease={[Function]}
        onResponderTerminate={[Function]}
        onResponderTerminationRequest={[Function]}
        onStartShouldSetResponder={[Function]}
        style={
          {
            "backgroundColor": "#fff",
            "borderColor": "#ddd",
            "borderRadius": 20,
            "borderWidth": 1,
            "opacity": 1,
            "paddingHorizontal": 12,
            "paddingVertical": 8,
          }
        }
      >
        <Text
          style={
            [
              {
                "color": "#666",
                "fontSize": 14,
              },
              false,
            ]
          }
        >
          $
          150
          +
        </Text>
      </View>
    </View>
  </View>
  <View
    style={
      {
        "marginBottom": 15,
      }
    }
  >
    <Text
      style={
        {
          "color": "#333",
          "fontSize": 14,
          "fontWeight": "600",
          "marginBottom": 8,
        }
      }
    >
      Vista:
    </Text>
    <View
      accessibilityState={
        {
          "busy": undefined,
          "checked": undefined,
          "disabled": undefined,
          "expanded": undefined,
          "selected": undefined,
        }
      }
      accessibilityValue={
        {
          "max": undefined,
          "min": undefined,
          "now": undefined,
          "text": undefined,
        }
      }
      accessible={true}
      collapsable={false}
      focusable={true}
      onClick={[Function]}
      onResponderGrant={[Function]}
      onResponderMove={[Function]}
      onResponderRelease={[Function]}
      onResponderTerminate={[Function]}
      onResponderTerminationRequest={[Function]}
      onStartShouldSetResponder={[Function]}
      style={
        {
          "alignItems": "center",
          "backgroundColor": "#0074DF",
          "borderColor": "#0074DF",
          "borderRadius": 20,
          "borderWidth": 1,
          "opacity": 1,
          "paddingHorizontal": 16,
          "paddingVertical": 10,
        }
      }
    >
      <Text
        style={
          [
            {
              "color": "#666",
              "fontSize": 14,
            },
            {
              "color": "#fff",
              "fontWeight": "600",
            },
          ]
        }
      >
        📊 Agrupado por Estado
      </Text>
    </View>
  </View>
  <Text
    style={
      {
        "color": "#666",
        "fontSize": 14,
        "fontWeight": "600",
        "marginBottom": 10,
      }
    }
  >
    50
     órdenes encontradas
  </Text>
  <RCTScrollView
    contentContainerStyle={
      {
        "paddingBottom": 20,
      }
    }
    data={
      [
        {
          "count": 13,
          "orders": [
            {
              "clientCount": 2,
              "id": "ORD-0021",
              "items": 19,
              "paymentAmount": 246.69,
              "status": "pending",
              "storeName": "Target",
              "timestamp": 2026-02-07T06:42:52.543Z,
            },
            {
              "clientCount": 1,
              "id": "ORD-0042",
              "items": 23,
              "paymentAmount": 168.88,
              "status": "pending",
              "storeName": "Whole Foods",
              "timestamp": 2026-02-04T21:33:05.084Z,
            },
            {
              "clientCount": 3,
              "id": "ORD-0035",
              "items": 11,
              "paymentAmount": 160.02,
              "status": "pending",
              "storeName": "Safeway",
              "timestamp": 2026-02-03T03:52:21.596Z,
            },
            {
              "clientCount": 4,
              "id": "ORD-0032",
              "items": 18,
              "paymentAmount": 145.97,
              "status": "pending",
              "storeName": "Kroger",
              "timestamp": 2026-02-09T00:16:55.990Z,
            },
            {
              "clientCount": 1,
              "id": "ORD-0014",
              "items": 5,
              "paymentAmount": 142.62,
              "status": "pending",
              "storeName": "Kroger",
              "timestamp": 2026-02-07T11:55:40.622Z,
            },
            {
              "clientCount": 3,
              "id": "ORD-0027",
              "items": 9,
              "paymentAmount": 130.76,
              "status": "pending",
              "storeName": "Target",
              "timestamp": 2026-02-03T15:13:06.980Z,
            },
            {
              "clientCount": 2,
              "id": "ORD-0037",
              "items": 20,
              "paymentAmount": 124.97,
              "status": "pending",
              "storeName": "Whole Foods",
              "timestamp": 2026-02-06T01:21:30.589Z,
            },
            {
              "clientCount": 4,
              "id": "ORD-0018",
              "items": 17,
              "paymentAmount": 119.83,
              "status": "pending",
              "storeName": "Safeway",
              "timestamp": 2026-02-05T12:43:56.260Z,
            },
            {
              "clientCount": 3,
              "id": "ORD-0026",
              "items": 12,
              "paymentAmount": 94.84,
              "status": "pending",
              "storeName": "Costco",
              "timestamp": 2026-02-10T01:26:47.081Z,
            },
            {
              "clientCount": 3,
              "id": "ORD-0003",
              "items": 29,
              "paymentAmount": 83.81,
              "status": "pending",
              "storeName": "Kroger",
              "timestamp": 2026-02-06T00:48:01.028Z,
            },
            {
              "clientCount": 3,
              "id": "ORD-0043",
              "items": 24,
              "paymentAmount": 67.35,
              "status": "pending",
              "storeName": "Kroger",
              "timestamp": 2026-02-08T19:28:50.632Z,
            },
            {
              "clientCount": 4,
              "id": "ORD-0006",
              "items": 13,
              "paymentAmount": 64.01,
              "status": "pending",
              "storeName": "Walmart",
              "timestamp": 2026-02-04T15:02:07.299Z,
            },
            {
              "clientCount": 3,
              "id": "ORD-0034",
              "items": 8,
              "paymentAmount": 61.07,
              "status": "pending",
              "storeName": "Safeway",
              "timestamp": 2026-02-04T06:27:08.844Z,
            },
          ],
          "status": "pending",
          "statusLabel": "Pendiente",
        },
        {
          "clientCount": 2,
          "id": "ORD-0021",
          "items": 19,
          "paymentAmount": 246.69,
          "status": "pending",
          "storeName": "Target",
          "timestamp": 2026-02-07T06:42:52.543Z,
        },
        {
          "clientCount": 1,
          "id": "ORD-0042",
          "items": 23,
          "paymentAmount": 168.88,
          "status": "pending",
          "storeName": "Whole Foods",
          "timestamp": 2026-02-04T21:33:05.084Z,
        },
        {
          "clientCount": 3,
          "id": "ORD-0035",
          "items": 11,
          "paymentAmount": 160.02,
          "status": "pending",
          "storeName": "Safeway",
          "timestamp": 2026-02-03T03:52:21.596Z,
        },
        {
          "clientCount": 4,
          "id": "ORD-0032",
          "items": 18,
          "paymentAmount": 145.97,
          "status": "pending",
          "storeName": "Kroger",
          "timestamp": 2026-02-09T00:16:55.990Z,
        },
        {
          "clientCount": 1,
          "id": "ORD-0014",
          "items": 5,
          "paymentAmount": 142.62,
          "status": "pending",
          "storeName": "Kroger",
          "timestamp": 2026-02-07T11:55:40.622Z,
        },
        {
          "clientCount": 3,
          "id": "ORD-0027",
          "items": 9,
          "paymentAmount": 130.76,
          "status": "pending",
          "storeName": "Target",
          "timestamp": 2026-02-03T15:13:06.980Z,
        },
        {
          "clientCount": 2,
          "id": "ORD-0037",
          "items": 20,
          "paymentAmount": 124.97,
          "status": "pending",
          "storeName": "Whole Foods",
          "timestamp": 2026-02-06T01:21:30.589Z,
        },
        {
          "clientCount": 4,
          "id": "ORD-0018",
          "items": 17,
          "paymentAmount": 119.83,
          "status": "pending",
          "storeName": "Safeway",
          "timestamp": 2026-02-05T12:43:56.260Z,
        },
        {
          "clientCount": 3,
          "id": "ORD-0026",
          "items": 12,
          "paymentAmount": 94.84,
          "status": "pending",
          "storeName": "Costco",
          "timestamp": 2026-02-10T01:26:47.081Z,
        },
        {
          "clientCount": 3,
          "id": "ORD-0003",
          "items": 29,
          "paymentAmount": 83.81,
          "status": "pending",
          "storeName": "Kroger",
          "timestamp": 2026-02-06T00:48:01.028Z,
        },
        {
          "clientCount": 3,
          "id": "ORD-0043",
          "items": 24,
          "paymentAmount": 67.35,
          "status": "pending",
          "storeName": "Kroger",
          "timestamp": 2026-02-08T19:28:50.632Z,
        },
        {
          "clientCount": 4,
          "id": "ORD-0006",
          "items": 13,
          "paymentAmount": 64.01,
          "status": "pending",
          "storeName": "Walmart",
          "timestamp": 2026-02-04T15:02:07.299Z,
        },
        {
          "clientCount": 3,
          "id": "ORD-0034",
          "items": 8,
          "paymentAmount": 61.07,
          "status": "pending",
          "storeName": "Safeway",
          "timestamp": 2026-02-04T06:27:08.844Z,
        },
        {
          "count": 22,
          "orders": [
            {
              "clientCount": 1,
              "id": "ORD-0038",
              "items": 19,
              "paymentAmount": 236.74,
              "status": "in_progress",
              "storeName": "Walmart",
              "timestamp": 2026-02-03T10:59:46.913Z,
            },
            {
              "clientCount": 2,
              "id": "ORD-0008",
              "items": 5,
              "paymentAmount": 230.56,
              "status": "in_progress",
              "storeName": "Whole Foods",
              "timestamp": 2026-02-04T14:26:53.364Z,
            },
            {
              "clientCount": 2,
              "id": "ORD-0002",
              "items": 28,
              "paymentAmount": 217.51,
              "status": "in_progress",
              "storeName": "Whole Foods",
              "timestamp": 2026-02-04T04:31:26.227Z,
            },
            {
              "clientCount": 4,
              "id": "ORD-0033",
              "items": 13,
              "paymentAmount": 211.54,
              "status": "in_progress",
              "storeName": "Whole Foods",
              "timestamp": 2026-02-05T22:29:13.808Z,
            },
            {
              "clientCount": 3,
              "id": "ORD-0045",
              "items": 21,
              "paymentAmount": 197.16,
              "status": "in_progress",
              "storeName": "Target",
              "timestamp": 2026-02-04T23:09:07.189Z,
            },
            {
              "clientCount": 3,
              "id": "ORD-0012",
              "items": 30,
              "paymentAmount": 187.78,
              "status": "in_progress",
              "storeName": "Safeway",
              "timestamp": 2026-02-09T16:15:46.800Z,
            },
            {
              "clientCount": 2,
              "id": "ORD-0010",
              "items": 11,
              "paymentAmount": 179.53,
              "status": "in_progress",
              "storeName": "Walmart",
              "timestamp": 2026-02-08T05:15:09.237Z,
            },
            {
              "clientCount": 3,
              "id": "ORD-0004",
              "items": 20,
              "paymentAmount": 177.83,
              "status": "in_progress",
              "storeName": "Target",
              "timestamp": 2026-02-07T10:59:27.707Z,
            },
            {
              "clientCount": 2,
              "id": "ORD-0009",
              "items": 20,
              "paymentAmount": 175.49,
              "status": "in_progress",
              "storeName": "Whole Foods",
              "timestamp": 2026-02-05T04:47:00.400Z,
            },
            {
              "clientCount": 3,
              "id": "ORD-0025",
              "items": 22,
              "paymentAmount": 161.81,
              "status": "in_progress",
              "storeName": "Costco",
              "timestamp": 2026-02-07T01:10:08.797Z,
            },
            {
              "clientCount": 2,
              "id": "ORD-0039",
              "items": 31,
              "paymentAmount": 149.89,
              "status": "in_progress",
              "storeName": "Target",
              "timestamp": 2026-02-07T22:20:02.223Z,
            },
            {
              "clientCount": 4,
              "id": "ORD-0005",
              "items": 29,
              "paymentAmount": 144.43,
              "status": "in_progress",
              "storeName": "Safeway",
              "timestamp": 2026-02-04T05:39:38.782Z,
            },
            {
              "clientCount": 3,
              "id": "ORD-0031",
              "items": 28,
              "paymentAmount": 142.4,
              "status": "in_progress",
              "storeName": "Costco",
              "timestamp": 2026-02-04T11:35:21.848Z,
            },
            {
              "clientCount": 4,
              "id": "ORD-0048",
              "items": 16,
              "paymentAmount": 133.5,
              "status": "in_progress",
              "storeName": "Walmart",
              "timestamp": 2026-02-06T17:55:33.217Z,
            },
            {
              "clientCount": 1,
              "id": "ORD-0017",
              "items": 34,
              "paymentAmount": 101.27,
              "status": "in_progress",
              "storeName": "Kroger",
              "timestamp": 2026-02-06T08:20:39.602Z,
            },
            {
              "clientCount": 2,
              "id": "ORD-0041",
              "items": 33,
              "paymentAmount": 89.17,
              "status": "in_progress",
              "storeName": "Whole Foods",
              "timestamp": 2026-02-07T13:49:12.272Z,
            },
            {
              "clientCount": 1,
              "id": "ORD-0040",
              "items": 7,
              "paymentAmount": 86.51,
              "status": "in_progress",
              "storeName": "Kroger",
              "timestamp": 2026-02-05T12:48:33.114Z,
            },
            {
              "clientCount": 4,
              "id": "ORD-0049",
              "items": 24,
              "paymentAmount": 85.34,
              "status": "in_progress",
              "storeName": "Kroger",
              "timestamp": 2026-02-08T19:14:00.914Z,
            },
            {
              "clientCount": 3,
              "id": "ORD-0013",
              "items": 10,
              "paymentAmount": 79.97,
              "status": "in_progress",
              "storeName": "Safeway",
              "timestamp": 2026-02-04T17:59:15.605Z,
            },
            {
              "clientCount": 1,
              "id": "ORD-0019",
              "items": 12,
              "paymentAmount": 77.48,
              "status": "in_progress",
              "storeName": "Safeway",
              "timestamp": 2026-02-08T10:53:22.408Z,
            },
            {
              "clientCount": 4,
              "id": "ORD-0016",
              "items": 16,
              "paymentAmount": 71.65,
              "status": "in_progress",
              "storeName": "Walmart",
              "timestamp": 2026-02-09T02:14:34.668Z,
            },
            {
              "clientCount": 4,
              "id": "ORD-0029",
              "items": 20,
              "paymentAmount": 52.25,
              "status": "in_progress",
              "storeName": "Kroger",
              "timestamp": 2026-02-06T15:24:29.920Z,
            },
          ],
          "status": "in_progress",
          "statusLabel": "En Progreso",
        },
        {
          "clientCount": 1,
          "id": "ORD-0038",
          "items": 19,
          "paymentAmount": 236.74,
          "status": "in_progress",
          "storeName": "Walmart",
          "timestamp": 2026-02-03T10:59:46.913Z,
        },
        {
          "clientCount": 2,
          "id": "ORD-0008",
          "items": 5,
          "paymentAmount": 230.56,
          "status": "in_progress",
          "storeName": "Whole Foods",
          "timestamp": 2026-02-04T14:26:53.364Z,
        },
        {
          "clientCount": 2,
          "id": "ORD-0002",
          "items": 28,
          "paymentAmount": 217.51,
          "status": "in_progress",
          "storeName": "Whole Foods",
          "timestamp": 2026-02-04T04:31:26.227Z,
        },
        {
          "clientCount": 4,
          "id": "ORD-0033",
          "items": 13,
          "paymentAmount": 211.54,
          "status": "in_progress",
          "storeName": "Whole Foods",
          "timestamp": 2026-02-05T22:29:13.808Z,
        },
        {
          "clientCount": 3,
          "id": "ORD-0045",
          "items": 21,
          "paymentAmount": 197.16,
          "status": "in_progress",
          "storeName": "Target",
          "timestamp": 2026-02-04T23:09:07.189Z,
        },
        {
          "clientCount": 3,
          "id": "ORD-0012",
          "items": 30,
          "paymentAmount": 187.78,
          "status": "in_progress",
          "storeName": "Safeway",
          "timestamp": 2026-02-09T16:15:46.800Z,
        },
        {
          "clientCount": 2,
          "id": "ORD-0010",
          "items": 11,
          "paymentAmount": 179.53,
          "status": "in_progress",
          "storeName": "Walmart",
          "timestamp": 2026-02-08T05:15:09.237Z,
        },
        {
          "clientCount": 3,
          "id": "ORD-0004",
          "items": 20,
          "paymentAmount": 177.83,
          "status": "in_progress",
          "storeName": "Target",
          "timestamp": 2026-02-07T10:59:27.707Z,
        },
        {
          "clientCount": 2,
          "id": "ORD-0009",
          "items": 20,
          "paymentAmount": 175.49,
          "status": "in_progress",
          "storeName": "Whole Foods",
          "timestamp": 2026-02-05T04:47:00.400Z,
        },
        {
          "clientCount": 3,
          "id": "ORD-0025",
          "items": 22,
          "paymentAmount": 161.81,
          "status": "in_progress",
          "storeName": "Costco",
          "timestamp": 2026-02-07T01:10:08.797Z,
        },
        {
          "clientCount": 2,
          "id": "ORD-0039",
          "items": 31,
          "paymentAmount": 149.89,
          "status": "in_progress",
          "storeName": "Target",
          "timestamp": 2026-02-07T22:20:02.223Z,
        },
        {
          "clientCount": 4,
          "id": "ORD-0005",
          "items": 29,
          "paymentAmount": 144.43,
          "status": "in_progress",
          "storeName": "Safeway",
          "timestamp": 2026-02-04T05:39:38.782Z,
        },
        {
          "clientCount": 3,
          "id": "ORD-0031",
          "items": 28,
          "paymentAmount": 142.4,
          "status": "in_progress",
          "storeName": "Costco",
          "timestamp": 2026-02-04T11:35:21.848Z,
        },
        {
          "clientCount": 4,
          "id": "ORD-0048",
          "items": 16,
          "paymentAmount": 133.5,
          "status": "in_progress",
          "storeName": "Walmart",
          "timestamp": 2026-02-06T17:55:33.217Z,
        },
        {
          "clientCount": 1,
          "id": "ORD-0017",
          "items": 34,
          "paymentAmount": 101.27,
          "status": "in_progress",
          "storeName": "Kroger",
          "timestamp": 2026-02-06T08:20:39.602Z,
        },
        {
          "clientCount": 2,
          "id": "ORD-0041",
          "items": 33,
          "paymentAmount": 89.17,
          "status": "in_progress",
          "storeName": "Whole Foods",
          "timestamp": 2026-02-07T13:49:12.272Z,
        },
        {
          "clientCount": 1,
          "id": "ORD-0040",
          "items": 7,
          "paymentAmount": 86.51,
          "status": "in_progress",
          "storeName": "Kroger",
          "timestamp": 2026-02-05T12:48:33.114Z,
        },
        {
          "clientCount": 4,
          "id": "ORD-0049",
          "items": 24,
          "paymentAmount": 85.34,
          "status": "in_progress",
          "storeName": "Kroger",
          "timestamp": 2026-02-08T19:14:00.914Z,
        },
        {
          "clientCount": 3,
          "id": "ORD-0013",
          "items": 10,
          "paymentAmount": 79.97,
          "status": "in_progress",
          "storeName": "Safeway",
          "timestamp": 2026-02-04T17:59:15.605Z,
        },
        {
          "clientCount": 1,
          "id": "ORD-0019",
          "items": 12,
          "paymentAmount": 77.48,
          "status": "in_progress",
          "storeName": "Safeway",
          "timestamp": 2026-02-08T10:53:22.408Z,
        },
        {
          "clientCount": 4,
          "id": "ORD-0016",
          "items": 16,
          "paymentAmount": 71.65,
          "status": "in_progress",
          "storeName": "Walmart",
          "timestamp": 2026-02-09T02:14:34.668Z,
        },
        {
          "clientCount": 4,
          "id": "ORD-0029",
          "items": 20,
          "paymentAmount": 52.25,
          "status": "in_progress",
          "storeName": "Kroger",
          "timestamp": 2026-02-06T15:24:29.920Z,
        },
        {
          "count": 15,
          "orders": [
            {
              "clientCount": 1,
              "id": "ORD-0044",
              "items": 15,
              "paymentAmount": 241.72,
              "status": "completed",
              "storeName": "Whole Foods",
              "timestamp": 2026-02-08T11:28:32.225Z,
            },
            {
              "clientCount": 3,
              "id": "ORD-0022",
              "items": 19,
              "paymentAmount": 239.68,
              "status": "completed",
              "storeName": "Whole Foods",
              "timestamp": 2026-02-06T04:40:32.041Z,
            },
            {
              "clientCount": 2,
              "id": "ORD-0036",
              "items": 14,
              "paymentAmount": 234.47,
              "status": "completed",
              "storeName": "Costco",
              "timestamp": 2026-02-06T23:48:43.288Z,
            },
            {
              "clientCount": 4,
              "id": "ORD-0011",
              "items": 15,
              "paymentAmount": 220.03,
              "status": "completed",
              "storeName": "Costco",
              "timestamp": 2026-02-09T19:12:34.601Z,
            },
            {
              "clientCount": 2,
              "id": "ORD-0024",
              "items": 34,
              "paymentAmount": 187.31,
              "status": "completed",
              "storeName": "Costco",
              "timestamp": 2026-02-04T10:10:44.560Z,
            },
            {
              "clientCount": 1,
              "id": "ORD-0015",
              "items": 6,
              "paymentAmount": 186.64,
              "status": "completed",
              "storeName": "Safeway",
              "timestamp": 2026-02-03T07:17:51.789Z,
            },
            {
              "clientCount": 2,
              "id": "ORD-0020",
              "items": 8,
              "paymentAmount": 177.28,
              "status": "completed",
              "storeName": "Walmart",
              "timestamp": 2026-02-08T07:21:26.643Z,
            },
            {
              "clientCount": 4,
              "id": "ORD-0047",
              "items": 33,
              "paymentAmount": 174.37,
              "status": "completed",
              "storeName": "Target",
              "timestamp": 2026-02-04T17:56:33.571Z,
            },
            {
              "clientCount": 1,
              "id": "ORD-0007",
              "items": 6,
              "paymentAmount": 173.38,
              "status": "completed",
              "storeName": "Safeway",
              "timestamp": 2026-02-03T22:16:54.478Z,
            },
            {
              "clientCount": 2,
              "id": "ORD-0046",
              "items": 14,
              "paymentAmount": 166.75,
              "status": "completed",
              "storeName": "Safeway",
              "timestamp": 2026-02-03T07:13:43.353Z,
            },
            {
              "clientCount": 3,
              "id": "ORD-0028",
              "items": 12,
              "paymentAmount": 151.72,
              "status": "completed",
              "storeName": "Kroger",
              "timestamp": 2026-02-05T12:37:57.326Z,
            },
            {
              "clientCount": 3,
              "id": "ORD-0030",
              "items": 13,
              "paymentAmount": 148.3,
              "status": "completed",
              "storeName": "Whole Foods",
              "timestamp": 2026-02-09T21:27:28.688Z,
            },
            {
              "clientCount": 2,
              "id": "ORD-0023",
              "items": 12,
              "paymentAmount": 131.53,
              "status": "completed",
              "storeName": "Target",
              "timestamp": 2026-02-07T22:46:36.236Z,
            },
            {
              "clientCount": 3,
              "id": "ORD-0050",
              "items": 14,
              "paymentAmount": 123.74,
              "status": "completed",
              "storeName": "Walmart",
              "timestamp": 2026-02-06T16:20:59.370Z,
            },
            {
              "clientCount": 1,
              "id": "ORD-0001",
              "items": 8,
              "paymentAmount": 106.83,
              "status": "completed",
              "storeName": "Safeway",
              "timestamp": 2026-02-03T16:24:29.002Z,
            },
          ],
          "status": "completed",
          "statusLabel": "Completado",
        },
        {
          "clientCount": 1,
          "id": "ORD-0044",
          "items": 15,
          "paymentAmount": 241.72,
          "status": "completed",
          "storeName": "Whole Foods",
          "timestamp": 2026-02-08T11:28:32.225Z,
        },
        {
          "clientCount": 3,
          "id": "ORD-0022",
          "items": 19,
          "paymentAmount": 239.68,
          "status": "completed",
          "storeName": "Whole Foods",
          "timestamp": 2026-02-06T04:40:32.041Z,
        },
        {
          "clientCount": 2,
          "id": "ORD-0036",
          "items": 14,
          "paymentAmount": 234.47,
          "status": "completed",
          "storeName": "Costco",
          "timestamp": 2026-02-06T23:48:43.288Z,
        },
        {
          "clientCount": 4,
          "id": "ORD-0011",
          "items": 15,
          "paymentAmount": 220.03,
          "status": "completed",
          "storeName": "Costco",
          "timestamp": 2026-02-09T19:12:34.601Z,
        },
        {
          "clientCount": 2,
          "id": "ORD-0024",
          "items": 34,
          "paymentAmount": 187.31,
          "status": "completed",
          "storeName": "Costco",
          "timestamp": 2026-02-04T10:10:44.560Z,
        },
        {
          "clientCount": 1,
          "id": "ORD-0015",
          "items": 6,
          "paymentAmount": 186.64,
          "status": "completed",
          "storeName": "Safeway",
          "timestamp": 2026-02-03T07:17:51.789Z,
        },
        {
          "clientCount": 2,
          "id": "ORD-0020",
          "items": 8,
          "paymentAmount": 177.28,
          "status": "completed",
          "storeName": "Walmart",
          "timestamp": 2026-02-08T07:21:26.643Z,
        },
        {
          "clientCount": 4,
          "id": "ORD-0047",
          "items": 33,
          "paymentAmount": 174.37,
          "status": "completed",
          "storeName": "Target",
          "timestamp": 2026-02-04T17:56:33.571Z,
        },
        {
          "clientCount": 1,
          "id": "ORD-0007",
          "items": 6,
          "paymentAmount": 173.38,
          "status": "completed",
          "storeName": "Safeway",
          "timestamp": 2026-02-03T22:16:54.478Z,
        },
        {
          "clientCount": 2,
          "id": "ORD-0046",
          "items": 14,
          "paymentAmount": 166.75,
          "status": "completed",
          "storeName": "Safeway",
          "timestamp": 2026-02-03T07:13:43.353Z,
        },
        {
          "clientCount": 3,
          "id": "ORD-0028",
          "items": 12,
          "paymentAmount": 151.72,
          "status": "completed",
          "storeName": "Kroger",
          "timestamp": 2026-02-05T12:37:57.326Z,
        },
        {
          "clientCount": 3,
          "id": "ORD-0030",
          "items": 13,
          "paymentAmount": 148.3,
          "status": "completed",
          "storeName": "Whole Foods",
          "timestamp": 2026-02-09T21:27:28.688Z,
        },
        {
          "clientCount": 2,
          "id": "ORD-0023",
          "items": 12,
          "paymentAmount": 131.53,
          "status": "completed",
          "storeName": "Target",
          "timestamp": 2026-02-07T22:46:36.236Z,
        },
        {
          "clientCount": 3,
          "id": "ORD-0050",
          "items": 14,
          "paymentAmount": 123.74,
          "status": "completed",
          "storeName": "Walmart",
          "timestamp": 2026-02-06T16:20:59.370Z,
        },
        {
          "clientCount": 1,
          "id": "ORD-0001",
          "items": 8,
          "paymentAmount": 106.83,
          "status": "completed",
          "storeName": "Safeway",
          "timestamp": 2026-02-03T16:24:29.002Z,
        },
      ]
    }
    getItem={[Function]}
    getItemCount={[Function]}
    initialNumToRender={10}
    keyExtractor={[Function]}
    maxToRenderPerBatch={10}
    onContentSizeChange={[Function]}
    onLayout={[Function]}
    onMomentumScrollBegin={[Function]}
    onMomentumScrollEnd={[Function]}
    onScroll={[Function]}
    onScrollBeginDrag={[Function]}
    onScrollEndDrag={[Function]}
    removeClippedSubviews={true}
    renderItem={[Function]}
    scrollEventThrottle={50}
    showsVerticalScrollIndicator={true}
    stickyHeaderIndices={[]}
    updateCellsBatchingPeriod={50}
    viewabilityConfigCallbackPairs={[]}
    windowSize={10}
  >
    <View>
      <View
        onFocusCapture={[Function]}
        onLayout={[Function]}
        style={null}
      >
        <View
          style={
            {
              "backgroundColor": "#0074DF",
              "borderRadius": 8,
              "marginBottom": 5,
              "marginTop": 10,
              "padding": 12,
            }
          }
        >
          <Text
            style={
              {
                "color": "#fff",
                "fontSize": 16,
                "fontWeight": "bold",
              }
            }
          >
            Pendiente
             (
            13
            )
          </Text>
        </View>
      </View>
      <View
        onFocusCapture={[Function]}
        onLayout={[Function]}
        style={null}
      >
        <View
          accessibilityState={
            {
              "busy": undefined,
              "checked": undefined,
              "disabled": undefined,
              "expanded": undefined,
              "selected": undefined,
            }
          }
          accessibilityValue={
            {
              "max": undefined,
              "min": undefined,
              "now": undefined,
              "text": undefined,
            }
          }
          accessible={true}
          collapsable={false}
          focusable={false}
          onClick={[Function]}
          onResponderGrant={[Function]}
          onResponderMove={[Function]}
          onResponderRelease={[Function]}
          onResponderTerminate={[Function]}
          onResponderTerminationRequest={[Function]}
          onStartShouldSetResponder={[Function]}
          style={
            {
              "backgroundColor": "#fff",
              "borderRadius": 10,
              "elevation": 3,
              "marginBottom": 10,
              "opacity": 1,
              "padding": 15,
              "shadowColor": "#000",
              "shadowOffset": {
                "height": 2,
                "width": 0,
              },
              "shadowOpacity": 0.1,
              "shadowRadius": 4,
            }
          }
        >
          <View
            style={
              {
                "alignItems": "center",
                "flexDirection": "row",
                "justifyContent": "space-between",
                "marginBottom": 10,
              }
            }
          >
            <Text
              style={
                {
                  "color": "#333",
                  "fontSize": 16,
                  "fontWeight": "bold",
                }
              }
            >
              ORD-0021
            </Text>
            <Text
              style={
                [
                  {
                    "backgroundColor": "#f0f0f0",
                    "borderRadius": 12,
                    "color": "#666",
                    "fontSize": 14,
                    "fontWeight": "bold",
                    "paddingHorizontal": 10,
                    "paddingVertical": 4,
                  },
                  {
                    "backgroundColor": "#4CAF50",
                    "color": "#fff",
                  },
                ]
              }
            >
              $
              246.69
            </Text>
          </View>
          <View
            style={
              {
                "marginBottom": 10,
              }
            }
          >
            <Text
              style={
                {
                  "color": "#333",
                  "fontSize": 16,
                  "fontWeight": "600",
                  "marginBottom": 4,
                }
              }
            >
              Target
            </Text>
            <Text
              style={
                {
                  "color": "#666",
                  "fontSize": 14,
                  "marginBottom": 2,
                }
              }
            >
              2
               cliente
              s
               •
               
              19
               artículos
            </Text>
            <Text
              style={
                {
                  "color": "#999",
                  "fontSize": 12,
                }
              }
            >
              2/7/2026
               
              06:42 AM
            </Text>
          </View>
          <View
            style={
              {
                "alignItems": "flex-start",
              }
            }
          >
            <Text
              style={
                [
                  {
                    "borderRadius": 12,
                    "fontSize": 12,
                    "fontWeight": "600",
                    "overflow": "hidden",
                    "paddingHorizontal": 10,
                    "paddingVertical": 4,
                  },
                  {
                    "backgroundColor": "#FFF3CD",
                    "color": "#856404",
                  },
                ]
              }
            >
              Pendiente
            </Text>
          </View>
        </View>
      </View>
      <View
        onFocusCapture={[Function]}
        onLayout={[Function]}
        style={null}
      >
        <View
          accessibilityState={
            {
              "busy": undefined,
              "checked": undefined,
              "disabled": undefined,
              "expanded": undefined,
              "selected": undefined,
            }
          }
          accessibilityValue={
            {
              "max": undefined,
              "min": undefined,
              "now": undefined,
              "text": undefined,
            }
          }
          accessible={true}
          collapsable={false}
          focusable={false}
          onClick={[Function]}
          onResponderGrant={[Function]}
          onResponderMove={[Function]}
          onResponderRelease={[Function]}
          onResponderTerminate={[Function]}
          onResponderTerminationRequest={[Function]}
          onStartShouldSetResponder={[Function]}
          style={
            {
              "backgroundColor": "#fff",
              "borderRadius": 10,
              "elevation": 3,
              "marginBottom": 10,
              "opacity": 1,
              "padding": 15,
              "shadowColor": "#000",
              "shadowOffset": {
                "height": 2,
                "width": 0,
              },
              "shadowOpacity": 0.1,
              "shadowRadius": 4,
            }
          }
        >
          <View
            style={
              {
                "alignItems": "center",
                "flexDirection": "row",
                "justifyContent": "space-between",
                "marginBottom": 10,
              }
            }
          >
            <Text
              style={
                {
                  "color": "#333",
                  "fontSize": 16,
                  "fontWeight": "bold",
                }
              }
            >
              ORD-0042
            </Text>
            <Text
              style={
                [
                  {
                    "backgroundColor": "#f0f0f0",
                    "borderRadius": 12,
                    "color": "#666",
                    "fontSize": 14,
                    "fontWeight": "bold",
                    "paddingHorizontal": 10,
                    "paddingVertical": 4,
                  },
                  {
                    "backgroundColor": "#4CAF50",
                    "color": "#fff",
                  },
                ]
              }
            >
              $
              168.88
            </Text>
          </View>
          <View
            style={
              {
                "marginBottom": 10,
              }
            }
          >
            <Text
              style={
                {
                  "color": "#333",
                  "fontSize": 16,
                  "fontWeight": "600",
                  "marginBottom": 4,
                }
              }
            >
              Whole Foods
            </Text>
            <Text
              style={
                {
                  "color": "#666",
                  "fontSize": 14,
                  "marginBottom": 2,
                }
              }
            >
              1
               cliente
               •
               
              23
               artículos
            </Text>
            <Text
              style={
                {
                  "color": "#999",
                  "fontSize": 12,
                }
              }
            >
              2/4/2026
               
              09:33 PM
            </Text>
          </View>
          <View
            style={
              {
                "alignItems": "flex-start",
              }
            }
          >
            <Text
              style={
                [
                  {
                    "borderRadius": 12,
                    "fontSize": 12,
                    "fontWeight": "600",
                    "overflow": "hidden",
                    "paddingHorizontal": 10,
                    "paddingVertical": 4,
                  },
                  {
                    "backgroundColor": "#FFF3CD",
                    "color": "#856404",
                  },
                ]
              }
            >
              Pendiente
            </Text>
          </View>
        </View>
      </View>
      <View
        onFocusCapture={[Function]}
        onLayout={[Function]}
        style={null}
      >
        <View
          accessibilityState={
            {
              "busy": undefined,
              "checked": undefined,
              "disabled": undefined,
              "expanded": undefined,
              "selected": undefined,
            }
          }
          accessibilityValue={
            {
              "max": undefined,
              "min": undefined,
              "now": undefined,
              "text": undefined,
            }
          }
          accessible={true}
          collapsable={false}
          focusable={false}
          onClick={[Function]}
          onResponderGrant={[Function]}
          onResponderMove={[Function]}
          onResponderRelease={[Function]}
          onResponderTerminate={[Function]}
          onResponderTerminationRequest={[Function]}
          onStartShouldSetResponder={[Function]}
          style={
            {
              "backgroundColor": "#fff",
              "borderRadius": 10,
              "elevation": 3,
              "marginBottom": 10,
              "opacity": 1,
              "padding": 15,
              "shadowColor": "#000",
              "shadowOffset": {
                "height": 2,
                "width": 0,
              },
              "shadowOpacity": 0.1,
              "shadowRadius": 4,
            }
          }
        >
          <View
            style={
              {
                "alignItems": "center",
                "flexDirection": "row",
                "justifyContent": "space-between",
                "marginBottom": 10,
              }
            }
          >
            <Text
              style={
                {
                  "color": "#333",
                  "fontSize": 16,
                  "fontWeight": "bold",
                }
              }
            >
              ORD-0035
            </Text>
            <Text
              style={
                [
                  {
                    "backgroundColor": "#f0f0f0",
                    "borderRadius": 12,
                    "color": "#666",
                    "fontSize": 14,
                    "fontWeight": "bold",
                    "paddingHorizontal": 10,
                    "paddingVertical": 4,
                  },
                  {
                    "backgroundColor": "#4CAF50",
                    "color": "#fff",
                  },
                ]
              }
            >
              $
              160.02
            </Text>
          </View>
          <View
            style={
              {
                "marginBottom": 10,
              }
            }
          >
            <Text
              style={
                {
                  "color": "#333",
                  "fontSize": 16,
                  "fontWeight": "600",
                  "marginBottom": 4,
                }
              }
            >
              Safeway
            </Text>
            <Text
              style={
                {
                  "color": "#666",
                  "fontSize": 14,
                  "marginBottom": 2,
                }
              }
            >
              3
               cliente
              s
               •
               
              11
               artículos
            </Text>
            <Text
              style={
                {
                  "color": "#999",
                  "fontSize": 12,
                }
              }
            >
              2/3/2026
               
              03:52 AM
            </Text>
          </View>
          <View
            style={
              {
                "alignItems": "flex-start",
              }
            }
          >
            <Text
              style={
                [
                  {
                    "borderRadius": 12,
                    "fontSize": 12,
                    "fontWeight": "600",
                    "overflow": "hidden",
                    "paddingHorizontal": 10,
                    "paddingVertical": 4,
                  },
                  {
                    "backgroundColor": "#FFF3CD",
                    "color": "#856404",
                  },
                ]
              }
            >
              Pendiente
            </Text>
          </View>
        </View>
      </View>
      <View
        onFocusCapture={[Function]}
        onLayout={[Function]}
        style={null}
      >
        <View
          accessibilityState={
            {
              "busy": undefined,
              "checked": undefined,
              "disabled": undefined,
              "expanded": undefined,
              "selected": undefined,
            }
          }
          accessibilityValue={
            {
              "max": undefined,
              "min": undefined,
              "now": undefined,
              "text": undefined,
            }
          }
          accessible={true}
          collapsable={false}
          focusable={false}
          onClick={[Function]}
          onResponderGrant={[Function]}
          onResponderMove={[Function]}
          onResponderRelease={[Function]}
          onResponderTerminate={[Function]}
          onResponderTerminationRequest={[Function]}
          onStartShouldSetResponder={[Function]}
          style={
            {
              "backgroundColor": "#fff",
              "borderRadius": 10,
              "elevation": 3,
              "marginBottom": 10,
              "opacity": 1,
              "padding": 15,
              "shadowColor": "#000",
              "shadowOffset": {
                "height": 2,
                "width": 0,
              },
              "shadowOpacity": 0.1,
              "shadowRadius": 4,
            }
          }
        >
          <View
            style={
              {
                "alignItems": "center",
                "flexDirection": "row",
                "justifyContent": "space-between",
                "marginBottom": 10,
              }
            }
          >
            <Text
              style={
                {
                  "color": "#333",
                  "fontSize": 16,
                  "fontWeight": "bold",
                }
              }
            >
              ORD-0032
            </Text>
            <Text
              style={
                [
                  {
                    "backgroundColor": "#f0f0f0",
                    "borderRadius": 12,
                    "color": "#666",
                    "fontSize": 14,
                    "fontWeight": "bold",
                    "paddingHorizontal": 10,
                    "paddingVertical": 4,
                  },
                  {
                    "backgroundColor": "#4CAF50",
                    "color": "#fff",
                  },
                ]
              }
            >
              $
              145.97
            </Text>
          </View>
          <View
            style={
              {
                "marginBottom": 10,
              }
            }
          >
            <Text
              style={
                {
                  "color": "#333",
                  "fontSize": 16,
                  "fontWeight": "600",
                  "marginBottom": 4,
                }
              }
            >
              Kroger
            </Text>
            <Text
              style={
                {
                  "color": "#666",
                  "fontSize": 14,
                  "marginBottom": 2,
                }
              }
            >
              4
               cliente
              s
               •
               
              18
               artículos
            </Text>
            <Text
              style={
                {
                  "color": "#999",
                  "fontSize": 12,
                }
              }
            >
              2/9/2026
               
              12:16 AM
            </Text>
          </View>
          <View
            style={
              {
                "alignItems": "flex-start",
              }
            }
          >
            <Text
              style={
                [
                  {
                    "borderRadius": 12,
                    "fontSize": 12,
                    "fontWeight": "600",
                    "overflow": "hidden",
                    "paddingHorizontal": 10,
                    "paddingVertical": 4,
                  },
                  {
                    "backgroundColor": "#FFF3CD",
                    "color": "#856404",
                  },
                ]
              }
            >
              Pendiente
            </Text>
          </View>
        </View>
      </View>
      <View
        onFocusCapture={[Function]}
        onLayout={[Function]}
        style={null}
      >
        <View
          accessibilityState={
            {
              "busy": undefined,
              "checked": undefined,
              "disabled": undefined,
              "expanded": undefined,
              "selected": undefined,
            }
          }
          accessibilityValue={
            {
              "max": undefined,
              "min": undefined,
              "now": undefined,
              "text": undefined,
            }
          }
          accessible={true}
          collapsable={false}
          focusable={false}
          onClick={[Function]}
          onResponderGrant={[Function]}
          onResponderMove={[Function]}
          onResponderRelease={[Function]}
          onResponderTerminate={[Function]}
          onResponderTerminationRequest={[Function]}
          onStartShouldSetResponder={[Function]}
          style={
            {
              "backgroundColor": "#fff",
              "borderRadius": 10,
              "elevation": 3,
              "marginBottom": 10,
              "opacity": 1,
              "padding": 15,
              "shadowColor": "#000",
              "shadowOffset": {
                "height": 2,
                "width": 0,
              },
              "shadowOpacity": 0.1,
              "shadowRadius": 4,
            }
          }
        >
          <View
            style={
              {
                "alignItems": "center",
                "flexDirection": "row",
                "justifyContent": "space-between",
                "marginBottom": 10,
              }
            }
          >
            <Text
              style={
                {
                  "color": "#333",
                  "fontSize": 16,
                  "fontWeight": "bold",
                }
              }
            >
              ORD-0014
            </Text>
            <Text
              style={
                [
                  {
                    "backgroundColor": "#f0f0f0",
                    "borderRadius": 12,
                    "color": "#666",
                    "fontSize": 14,
                    "fontWeight": "bold",
                    "paddingHorizontal": 10,
                    "paddingVertical": 4,
                  },
                  {
                    "backgroundColor": "#4CAF50",
                    "color": "#fff",
                  },
                ]
              }
            >
              $
              142.62
            </Text>
          </View>
          <View
            style={
              {
                "marginBottom": 10,
              }
            }
          >
            <Text
              style={
                {
                  "color": "#333",
                  "fontSize": 16,
                  "fontWeight": "600",
                  "marginBottom": 4,
                }
              }
            >
              Kroger
            </Text>
            <Text
              style={
                {
                  "color": "#666",
                  "fontSize": 14,
                  "marginBottom": 2,
                }
              }
            >
              1
               cliente
               •
               
              5
               artículos
            </Text>
            <Text
              style={
                {
                  "color": "#999",
                  "fontSize": 12,
                }
              }
            >
              2/7/2026
               
              11:55 AM
            </Text>
          </View>
          <View
            style={
              {
                "alignItems": "flex-start",
              }
            }
          >
            <Text
              style={
                [
                  {
                    "borderRadius": 12,
                    "fontSize": 12,
                    "fontWeight": "600",
                    "overflow": "hidden",
                    "paddingHorizontal": 10,
                    "paddingVertical": 4,
                  },
                  {
                    "backgroundColor": "#FFF3CD",
                    "color": "#856404",
                  },
                ]
              }
            >
              Pendiente
            </Text>
          </View>
        </View>
      </View>
      <View
        onFocusCapture={[Function]}
        onLayout={[Function]}
        style={null}
      >
        <View
          accessibilityState={
            {
              "busy": undefined,
              "checked": undefined,
              "disabled": undefined,
              "expanded": undefined,
              "selected": undefined,
            }
          }
          accessibilityValue={
            {
              "max": undefined,
              "min": undefined,
              "now": undefined,
              "text": undefined,
            }
          }
          accessible={true}
          collapsable={false}
          focusable={false}
          onClick={[Function]}
          onResponderGrant={[Function]}
          onResponderMove={[Function]}
          onResponderRelease={[Function]}
          onResponderTerminate={[Function]}
          onResponderTerminationRequest={[Function]}
          onStartShouldSetResponder={[Function]}
          style={
            {
              "backgroundColor": "#fff",
              "borderRadius": 10,
              "elevation": 3,
              "marginBottom": 10,
              "opacity": 1,
              "padding": 15,
              "shadowColor": "#000",
              "shadowOffset": {
                "height": 2,
                "width": 0,
              },
              "shadowOpacity": 0.1,
              "shadowRadius": 4,
            }
          }
        >
          <View
            style={
              {
                "alignItems": "center",
                "flexDirection": "row",
                "justifyContent": "space-between",
                "marginBottom": 10,
              }
            }
          >
            <Text
              style={
                {
                  "color": "#333",
                  "fontSize": 16,
                  "fontWeight": "bold",
                }
              }
            >
              ORD-0027
            </Text>
            <Text
              style={
                [
                  {
                    "backgroundColor": "#f0f0f0",
                    "borderRadius": 12,
                    "color": "#666",
                    "fontSize": 14,
                    "fontWeight": "bold",
                    "paddingHorizontal": 10,
                    "paddingVertical": 4,
                  },
                  {
                    "backgroundColor": "#4CAF50",
                    "color": "#fff",
                  },
                ]
              }
            >
              $
              130.76
            </Text>
          </View>
          <View
            style={
              {
                "marginBottom": 10,
              }
            }
          >
            <Text
              style={
                {
                  "color": "#333",
                  "fontSize": 16,
                  "fontWeight": "600",
                  "marginBottom": 4,
                }
              }
            >
              Target
            </Text>
            <Text
              style={
                {
                  "color": "#666",
                  "fontSize": 14,
                  "marginBottom": 2,
                }
              }
            >
              3
               cliente
              s
               •
               
              9
               artículos
            </Text>
            <Text
              style={
                {
                  "color": "#999",
                  "fontSize": 12,
                }
              }
            >
              2/3/2026
               
              03:13 PM
            </Text>
          </View>
          <View
            style={
              {
                "alignItems": "flex-start",
              }
            }
          >
            <Text
              style={
                [
                  {
                    "borderRadius": 12,
                    "fontSize": 12,
                    "fontWeight": "600",
                    "overflow": "hidden",
                    "paddingHorizontal": 10,
                    "paddingVertical": 4,
                  },
                  {
                    "backgroundColor": "#FFF3CD",
                    "color": "#856404",
                  },
                ]
              }
            >
              Pendiente
            </Text>
          </View>
        </View>
      </View>
      <View
        onFocusCapture={[Function]}
        onLayout={[Function]}
        style={null}
      >
        <View
          accessibilityState={
            {
              "busy": undefined,
              "checked": undefined,
              "disabled": undefined,
              "expanded": undefined,
              "selected": undefined,
            }
          }
          accessibilityValue={
            {
              "max": undefined,
              "min": undefined,
              "now": undefined,
              "text": undefined,
            }
          }
          accessible={true}
          collapsable={false}
          focusable={false}
          onClick={[Function]}
          onResponderGrant={[Function]}
          onResponderMove={[Function]}
          onResponderRelease={[Function]}
          onResponderTerminate={[Function]}
          onResponderTerminationRequest={[Function]}
          onStartShouldSetResponder={[Function]}
          style={
            {
              "backgroundColor": "#fff",
              "borderRadius": 10,
              "elevation": 3,
              "marginBottom": 10,
              "opacity": 1,
              "padding": 15,
              "shadowColor": "#000",
              "shadowOffset": {
                "height": 2,
                "width": 0,
              },
              "shadowOpacity": 0.1,
              "shadowRadius": 4,
            }
          }
        >
          <View
            style={
              {
                "alignItems": "center",
                "flexDirection": "row",
                "justifyContent": "space-between",
                "marginBottom": 10,
              }
            }
          >
            <Text
              style={
                {
                  "color": "#333",
                  "fontSize": 16,
                  "fontWeight": "bold",
                }
              }
            >
              ORD-0037
            </Text>
            <Text
              style={
                [
                  {
                    "backgroundColor": "#f0f0f0",
                    "borderRadius": 12,
                    "color": "#666",
                    "fontSize": 14,
                    "fontWeight": "bold",
                    "paddingHorizontal": 10,
                    "paddingVertical": 4,
                  },
                  {
                    "backgroundColor": "#4CAF50",
                    "color": "#fff",
                  },
                ]
              }
            >
              $
              124.97
            </Text>
          </View>
          <View
            style={
              {
                "marginBottom": 10,
              }
            }
          >
            <Text
              style={
                {
                  "color": "#333",
                  "fontSize": 16,
                  "fontWeight": "600",
                  "marginBottom": 4,
                }
              }
            >
              Whole Foods
            </Text>
            <Text
              style={
                {
                  "color": "#666",
                  "fontSize": 14,
                  "marginBottom": 2,
                }
              }
            >
              2
               cliente
              s
               •
               
              20
               artículos
            </Text>
            <Text
              style={
                {
                  "color": "#999",
                  "fontSize": 12,
                }
              }
            >
              2/6/2026
               
              01:21 AM
            </Text>
          </View>
          <View
            style={
              {
                "alignItems": "flex-start",
              }
            }
          >
            <Text
              style={
                [
                  {
                    "borderRadius": 12,
                    "fontSize": 12,
                    "fontWeight": "600",
                    "overflow": "hidden",
                    "paddingHorizontal": 10,
                    "paddingVertical": 4,
                  },
                  {
                    "backgroundColor": "#FFF3CD",
                    "color": "#856404",
                  },
                ]
              }
            >
              Pendiente
            </Text>
          </View>
        </View>
      </View>
      <View
        onFocusCapture={[Function]}
        onLayout={[Function]}
        style={null}
      >
        <View
          accessibilityState={
            {
              "busy": undefined,
              "checked": undefined,
              "disabled": undefined,
              "expanded": undefined,
              "selected": undefined,
            }
          }
          accessibilityValue={
            {
              "max": undefined,
              "min": undefined,
              "now": undefined,
              "text": undefined,
            }
          }
          accessible={true}
          collapsable={false}
          focusable={false}
          onClick={[Function]}
          onResponderGrant={[Function]}
          onResponderMove={[Function]}
          onResponderRelease={[Function]}
          onResponderTerminate={[Function]}
          onResponderTerminationRequest={[Function]}
          onStartShouldSetResponder={[Function]}
          style={
            {
              "backgroundColor": "#fff",
              "borderRadius": 10,
              "elevation": 3,
              "marginBottom": 10,
              "opacity": 1,
              "padding": 15,
              "shadowColor": "#000",
              "shadowOffset": {
                "height": 2,
                "width": 0,
              },
              "shadowOpacity": 0.1,
              "shadowRadius": 4,
            }
          }
        >
          <View
            style={
              {
                "alignItems": "center",
                "flexDirection": "row",
                "justifyContent": "space-between",
                "marginBottom": 10,
              }
            }
          >
            <Text
              style={
                {
                  "color": "#333",
                  "fontSize": 16,
                  "fontWeight": "bold",
                }
              }
            >
              ORD-0018
            </Text>
            <Text
              style={
                [
                  {
                    "backgroundColor": "#f0f0f0",
                    "borderRadius": 12,
                    "color": "#666",
                    "fontSize": 14,
                    "fontWeight": "bold",
                    "paddingHorizontal": 10,
                    "paddingVertical": 4,
                  },
                  {
                    "backgroundColor": "#4CAF50",
                    "color": "#fff",
                  },
                ]
              }
            >
              $
              119.83
            </Text>
          </View>
          <View
            style={
              {
                "marginBottom": 10,
              }
            }
          >
            <Text
              style={
                {
                  "color": "#333",
                  "fontSize": 16,
                  "fontWeight": "600",
                  "marginBottom": 4,
                }
              }
            >
              Safeway
            </Text>
            <Text
              style={
                {
                  "color": "#666",
                  "fontSize": 14,
                  "marginBottom": 2,
                }
              }
            >
              4
               cliente
              s
               •
               
              17
               artículos
            </Text>
            <Text
              style={
                {
                  "color": "#999",
                  "fontSize": 12,
                }
              }
            >
              2/5/2026
               
              12:43 PM
            </Text>
          </View>
          <View
            style={
              {
                "alignItems": "flex-start",
              }
            }
          >
            <Text
              style={
                [
                  {
                    "borderRadius": 12,
                    "fontSize": 12,
                    "fontWeight": "600",
                    "overflow": "hidden",
                    "paddingHorizontal": 10,
                    "paddingVertical": 4,
                  },
                  {
                    "backgroundColor": "#FFF3CD",
                    "color": "#856404",
                  },
                ]
              }
            >
              Pendiente
            </Text>
          </View>
        </View>
      </View>
      <View
        onFocusCapture={[Function]}
        onLayout={[Function]}
        style={null}
      >
        <View
          accessibilityState={
            {
              "busy": undefined,
              "checked": undefined,
              "disabled": undefined,
              "expanded": undefined,
              "selected": undefined,
            }
          }
          accessibilityValue={
            {
              "max": undefined,
              "min": undefined,
              "now": undefined,
              "text": undefined,
            }
          }
          accessible={true}
          collapsable={false}
          focusable={false}
          onClick={[Function]}
          onResponderGrant={[Function]}
          onResponderMove={[Function]}
          onResponderRelease={[Function]}
          onResponderTerminate={[Function]}
          onResponderTerminationRequest={[Function]}
          onStartShouldSetResponder={[Function]}
          style={
            {
              "backgroundColor": "#fff",
              "borderRadius": 10,
              "elevation": 3,
              "marginBottom": 10,
              "opacity": 1,
              "padding": 15,
              "shadowColor": "#000",
              "shadowOffset": {
                "height": 2,
                "width": 0,
              },
              "shadowOpacity": 0.1,
              "shadowRadius": 4,
            }
          }
        >
          <View
            style={
              {
                "alignItems": "center",
                "flexDirection": "row",
                "justifyContent": "space-between",
                "marginBottom": 10,
              }
            }
          >
            <Text
              style={
                {
                  "color": "#333",
                  "fontSize": 16,
                  "fontWeight": "bold",
                }
              }
            >
              ORD-0026
            </Text>
            <Text
              style={
                [
                  {
                    "backgroundColor": "#f0f0f0",
                    "borderRadius": 12,
                    "color": "#666",
                    "fontSize": 14,
                    "fontWeight": "bold",
                    "paddingHorizontal": 10,
                    "paddingVertical": 4,
                  },
                  false,
                ]
              }
            >
              $
              94.84
            </Text>
          </View>
          <View
            style={
              {
                "marginBottom": 10,
              }
            }
          >
            <Text
              style={
                {
                  "color": "#333",
                  "fontSize": 16,
                  "fontWeight": "600",
                  "marginBottom": 4,
                }
              }
            >
              Costco
            </Text>
            <Text
              style={
                {
                  "color": "#666",
                  "fontSize": 14,
                  "marginBottom": 2,
                }
              }
            >
              3
               cliente
              s
               •
               
              12
               artículos
            </Text>
            <Text
              style={
                {
                  "color": "#999",
                  "fontSize": 12,
                }
              }
            >
              2/10/2026
               
              01:26 AM
            </Text>
          </View>
          <View
            style={
              {
                "alignItems": "flex-start",
              }
            }
          >
            <Text
              style={
                [
                  {
                    "borderRadius": 12,
                    "fontSize": 12,
                    "fontWeight": "600",
                    "overflow": "hidden",
                    "paddingHorizontal": 10,
                    "paddingVertical": 4,
                  },
                  {
                    "backgroundColor": "#FFF3CD",
                    "color": "#856404",
                  },
                ]
              }
            >
              Pendiente
            </Text>
          </View>
        </View>
      </View>
      <View
        style={
          {
            "height": 0,
          }
        }
      />
    </View>
  </RCTScrollView>
</View>
`;
